
> my-app@0.1.0 build
> next build

Ôû▓ Next.js 16.2.1 (Turbopack)

  Creating an optimized production build ...
node.exe : 
Au caractère C:\Program Files\nodejs\npm.ps1:29 : 3
+   & $NODE_EXE $NPM_CLI_JS $args
+   ~~~~~~~~~~~~~~~~~~~~~~~~~~~~~
    + CategoryInfo          : NotSpecified: (:String) [], RemoteException
    + FullyQualifiedErrorId : NativeCommandError
 
> Build error occurred
Error: Turbopack build failed with 11 errors:
./src/features/prompt-bar/ui/edit/EditPromptBarBase.jsx:5:1
Module not found: Can't resolve '../../../model/useEditStore'
  [90m3 |[0m [36mimport[0m [33mReact[0m [36mfrom[0m [32m"react"[0m;
  [90m4 |[0m [36mimport[0m { cn } [36mfrom[0m [32m"@/shared/lib/utils"[0m;
[31m[1m>[0m [90m5 |[0m [36mimport[0m { useEditStore } [36mfrom[0m [32m"../../../model/useEditStore"[0m;
  [90m  |[0m [31m[1m^^^^^^^^^^^^^^^^^^^^^^^^^^^^^^^^^^^^^^^^^^^^^^^^^^^^^^^^^^^[0m
  [90m6 |[0m [36mimport[0m { useWorkflowsStore } [36mfrom[0m [32m"@/features/workflows"[0m;
  [90m7 |[0m
  [90m8 |[0m /**



Import traces:
  Client Component Browser:
    ./src/features/prompt-bar/ui/edit/EditPromptBarBase.jsx [Client Component Browser]
    ./src/features/prompt-bar/ui/edit/EditPromptBarVideo.jsx [Client Component Browser]
    ./src/app/projects/[projectId]/edit/[workflowId]/page.js [Client Component Browser]
    ./src/app/projects/[projectId]/edit/[workflowId]/page.js [Server Component]

  Client Component SSR:
    ./src/features/prompt-bar/ui/edit/EditPromptBarBase.jsx [Client Component SSR]
    ./src/features/prompt-bar/ui/edit/EditPromptBarVideo.jsx [Client Component SSR]
    ./src/app/projects/[projectId]/edit/[workflowId]/page.js [Client Component SSR]
    ./src/app/projects/[projectId]/edit/[workflowId]/page.js [Server Component]

https://nextjs.org/docs/messages/module-not-found


./src/features/prompt-bar/ui/edit/EditDescribeTab.jsx:6:1
Module not found: Can't resolve '../../common/PromptTextarea'
  [90m4 |[0m [36mimport[0m { [33mPaperclip[0m, [33mLoader2[0m, [33mArrowRight[0m } [36mfrom[0m 
[32m"lucide-react"[0m;
  [90m5 |[0m [36mimport[0m { [33mButton[0m } [36mfrom[0m [32m"@/shared/ui/button"[0m;
[31m[1m>[0m [90m6 |[0m [36mimport[0m { [33mPromptTextarea[0m } [36mfrom[0m 
[32m"../../common/PromptTextarea"[0m;
  [90m  |[0m [31m[1m^^^^^^^^^^^^^^^^^^^^^^^^^^^^^^^^^^^^^^^^^^^^^^^^^^^^^^^^^^^^^[0m
  [90m7 |[0m [36mimport[0m { [33mModelSelector[0m } [36mfrom[0m 
[32m"../../common/selectors/ModelSelector"[0m;
  [90m8 |[0m [36mimport[0m { [33mEditReferenceList[0m } [36mfrom[0m [32m"./EditReferenceList"[0m;
  [90m9 |[0m [36mimport[0m { [33mImportMediaPopover[0m } [36mfrom[0m 
[32m"@/widgets/ImportMediaDialog/ImportMediaPopover"[0m;



Import traces:
  Client Component Browser:
    ./src/features/prompt-bar/ui/edit/EditDescribeTab.jsx [Client Component Browser]
    ./src/features/prompt-bar/ui/edit/EditPromptBarVideo.jsx [Client Component Browser]
    ./src/app/projects/[projectId]/edit/[workflowId]/page.js [Client Component Browser]
    ./src/app/projects/[projectId]/edit/[workflowId]/page.js [Server Component]

  Client Component SSR:
    ./src/features/prompt-bar/ui/edit/EditDescribeTab.jsx [Client Component SSR]
    ./src/features/prompt-bar/ui/edit/EditPromptBarVideo.jsx [Client Component SSR]
    ./src/app/projects/[projectId]/edit/[workflowId]/page.js [Client Component SSR]
    ./src/app/projects/[projectId]/edit/[workflowId]/page.js [Server Component]

https://nextjs.org/docs/messages/module-not-found


./src/features/prompt-bar/ui/edit/EditDescribeTab.jsx:7:1
Module not found: Can't resolve '../../common/selectors/ModelSelector'
  [90m 5 |[0m [36mimport[0m { [33mButton[0m } [36mfrom[0m [32m"@/shared/ui/button"[0m;
  [90m 6 |[0m [36mimport[0m { [33mPromptTextarea[0m } [36mfrom[0m [32m"../../common/PromptTextarea"[0m;
[31m[1m>[0m [90m 7 |[0m [36mimport[0m { [33mModelSelector[0m } [36mfrom[0m 
[32m"../../common/selectors/ModelSelector"[0m;
  [90m   |[0m [31m[1m^^^^^^^^^^^^^^^^^^^^^^^^^^^^^^^^^^^^^^^^^^^^^^^^^^^^^^^^^^^^^^^^^^^^^[0m
  [90m 8 |[0m [36mimport[0m { [33mEditReferenceList[0m } [36mfrom[0m [32m"./EditReferenceList"[0m;
  [90m 9 |[0m [36mimport[0m { [33mImportMediaPopover[0m } [36mfrom[0m 
[32m"@/widgets/ImportMediaDialog/ImportMediaPopover"[0m;
  [90m10 |[0m



Import traces:
  Client Component Browser:
    ./src/features/prompt-bar/ui/edit/EditDescribeTab.jsx [Client Component Browser]
    ./src/features/prompt-bar/ui/edit/EditPromptBarVideo.jsx [Client Component Browser]
    ./src/app/projects/[projectId]/edit/[workflowId]/page.js [Client Component Browser]
    ./src/app/projects/[projectId]/edit/[workflowId]/page.js [Server Component]

  Client Component SSR:
    ./src/features/prompt-bar/ui/edit/EditDescribeTab.jsx [Client Component SSR]
    ./src/features/prompt-bar/ui/edit/EditPromptBarVideo.jsx [Client Component SSR]
    ./src/app/projects/[projectId]/edit/[workflowId]/page.js [Client Component SSR]
    ./src/app/projects/[projectId]/edit/[workflowId]/page.js [Server Component]

https://nextjs.org/docs/messages/module-not-found


./src/features/prompt-bar/ui/edit/EditPromptBarImage.jsx:9:1
Module not found: Can't resolve '../tabs/Angles'
  [90m 7 |[0m [36mimport[0m { useEditPromptBar } [36mfrom[0m [32m"../../model/useEditPromptBar"[0m;
  [90m 8 |[0m [36mimport[0m { [33mEditDescribeTab[0m } [36mfrom[0m [32m"./EditDescribeTab"[0m;
[31m[1m>[0m [90m 9 |[0m [36mimport[0m [33mAnglesPanel[0m [36mfrom[0m [32m"../tabs/Angles"[0m;
  [90m   |[0m [31m[1m^^^^^^^^^^^^^^^^^^^^^^^^^^^^^^^^^^^^^^^^^[0m
  [90m10 |[0m [36mimport[0m [33mLightingPanel[0m [36mfrom[0m [32m"../tabs/Lighting"[0m;
  [90m11 |[0m [36mimport[0m [33mUpscalePanel[0m [36mfrom[0m [32m"../tabs/UpscalePanel"[0m;
  [90m12 |[0m [36mimport[0m { [33mEditPromptBarBase[0m } [36mfrom[0m [32m"./EditPromptBarBase"[0m;



Import traces:
  Client Component Browser:
    ./src/features/prompt-bar/ui/edit/EditPromptBarImage.jsx [Client Component Browser]
    ./src/app/projects/[projectId]/edit/[workflowId]/page.js [Client Component Browser]
    ./src/app/projects/[projectId]/edit/[workflowId]/page.js [Server Component]

  Client Component SSR:
    ./src/features/prompt-bar/ui/edit/EditPromptBarImage.jsx [Client Component SSR]
    ./src/app/projects/[projectId]/edit/[workflowId]/page.js [Client Component SSR]
    ./src/app/projects/[projectId]/edit/[workflowId]/page.js [Server Component]

https://nextjs.org/docs/messages/module-not-found


./src/features/prompt-bar/ui/edit/EditPromptBarVideo.jsx:9:1
Module not found: Can't resolve '../tabs/CameraView'
  [90m 7 |[0m [36mimport[0m { [33mEditDescribeTab[0m } [36mfrom[0m [32m"./EditDescribeTab"[0m;
  [90m 8 |[0m [36mimport[0m [33mUpscalePanel[0m [36mfrom[0m [32m"../tabs/UpscalePanel"[0m;
[31m[1m>[0m [90m 9 |[0m [36mimport[0m { [33mCameraView[0m } [36mfrom[0m [32m"../tabs/CameraView"[0m;
  [90m   |[0m [31m[1m^^^^^^^^^^^^^^^^^^^^^^^^^^^^^^^^^^^^^^^^^^^^^^^^[0m
  [90m10 |[0m [36mimport[0m { [33mExtendView[0m } [36mfrom[0m [32m"../tabs/ExtendView"[0m;
  [90m11 |[0m
  [90m12 |[0m [36mconst[0m [33mTABS[0m = [



Import traces:
  Client Component Browser:
    ./src/features/prompt-bar/ui/edit/EditPromptBarVideo.jsx [Client Component Browser]
    ./src/app/projects/[projectId]/edit/[workflowId]/page.js [Client Component Browser]
    ./src/app/projects/[projectId]/edit/[workflowId]/page.js [Server Component]

  Client Component SSR:
    ./src/features/prompt-bar/ui/edit/EditPromptBarVideo.jsx [Client Component SSR]
    ./src/app/projects/[projectId]/edit/[workflowId]/page.js [Client Component SSR]
    ./src/app/projects/[projectId]/edit/[workflowId]/page.js [Server Component]

https://nextjs.org/docs/messages/module-not-found


./src/features/prompt-bar/ui/edit/EditPromptBarVideo.jsx:10:1
Module not found: Can't resolve '../tabs/ExtendView'
  [90m 8 |[0m [36mimport[0m [33mUpscalePanel[0m [36mfrom[0m [32m"../tabs/UpscalePanel"[0m;
  [90m 9 |[0m [36mimport[0m { [33mCameraView[0m } [36mfrom[0m [32m"../tabs/CameraView"[0m;
[31m[1m>[0m [90m10 |[0m [36mimport[0m { [33mExtendView[0m } [36mfrom[0m [32m"../tabs/ExtendView"[0m;
  [90m   |[0m [31m[1m^^^^^^^^^^^^^^^^^^^^^^^^^^^^^^^^^^^^^^^^^^^^^^^^[0m
  [90m11 |[0m
  [90m12 |[0m [36mconst[0m [33mTABS[0m = [
  [90m13 |[0m     { id: [32m"edit"[0m, label: [32m"Edit"[0m, icon: [33mEraser[0m },



Import traces:
  Client Component Browser:
    ./src/features/prompt-bar/ui/edit/EditPromptBarVideo.jsx [Client Component Browser]
    ./src/app/projects/[projectId]/edit/[workflowId]/page.js [Client Component Browser]
    ./src/app/projects/[projectId]/edit/[workflowId]/page.js [Server Component]

  Client Component SSR:
    ./src/features/prompt-bar/ui/edit/EditPromptBarVideo.jsx [Client Component SSR]
    ./src/app/projects/[projectId]/edit/[workflowId]/page.js [Client Component SSR]
    ./src/app/projects/[projectId]/edit/[workflowId]/page.js [Server Component]

https://nextjs.org/docs/messages/module-not-found


./src/features/prompt-bar/ui/edit/EditPromptBarImage.jsx:10:1
Module not found: Can't resolve '../tabs/Lighting'
  [90m 8 |[0m [36mimport[0m { [33mEditDescribeTab[0m } [36mfrom[0m [32m"./EditDescribeTab"[0m;
  [90m 9 |[0m [36mimport[0m [33mAnglesPanel[0m [36mfrom[0m [32m"../tabs/Angles"[0m;
[31m[1m>[0m [90m10 |[0m [36mimport[0m [33mLightingPanel[0m [36mfrom[0m [32m"../tabs/Lighting"[0m;
  [90m   |[0m [31m[1m^^^^^^^^^^^^^^^^^^^^^^^^^^^^^^^^^^^^^^^^^^^^^[0m
  [90m11 |[0m [36mimport[0m [33mUpscalePanel[0m [36mfrom[0m [32m"../tabs/UpscalePanel"[0m;
  [90m12 |[0m [36mimport[0m { [33mEditPromptBarBase[0m } [36mfrom[0m [32m"./EditPromptBarBase"[0m;
  [90m13 |[0m



Import traces:
  Client Component Browser:
    ./src/features/prompt-bar/ui/edit/EditPromptBarImage.jsx [Client Component Browser]
    ./src/app/projects/[projectId]/edit/[workflowId]/page.js [Client Component Browser]
    ./src/app/projects/[projectId]/edit/[workflowId]/page.js [Server Component]

  Client Component SSR:
    ./src/features/prompt-bar/ui/edit/EditPromptBarImage.jsx [Client Component SSR]
    ./src/app/projects/[projectId]/edit/[workflowId]/page.js [Client Component SSR]
    ./src/app/projects/[projectId]/edit/[workflowId]/page.js [Server Component]

https://nextjs.org/docs/messages/module-not-found


./src/features/prompt-bar/ui/edit/EditPromptBarImage.jsx:11:1
Module not found: Can't resolve '../tabs/UpscalePanel'
  [90m 9 |[0m [36mimport[0m [33mAnglesPanel[0m [36mfrom[0m [32m"../tabs/Angles"[0m;
  [90m10 |[0m [36mimport[0m [33mLightingPanel[0m [36mfrom[0m [32m"../tabs/Lighting"[0m;
[31m[1m>[0m [90m11 |[0m [36mimport[0m [33mUpscalePanel[0m [36mfrom[0m [32m"../tabs/UpscalePanel"[0m;
  [90m   |[0m [31m[1m^^^^^^^^^^^^^^^^^^^^^^^^^^^^^^^^^^^^^^^^^^^^^^^^[0m
  [90m12 |[0m [36mimport[0m { [33mEditPromptBarBase[0m } [36mfrom[0m [32m"./EditPromptBarBase"[0m;
  [90m13 |[0m
  [90m14 |[0m [36mconst[0m [33mTABS[0m = [



Import traces:
  Client Component Browser:
    ./src/features/prompt-bar/ui/edit/EditPromptBarImage.jsx [Client Component Browser]
    ./src/app/projects/[projectId]/edit/[workflowId]/page.js [Client Component Browser]
    ./src/app/projects/[projectId]/edit/[workflowId]/page.js [Server Component]

  Client Component SSR:
    ./src/features/prompt-bar/ui/edit/EditPromptBarImage.jsx [Client Component SSR]
    ./src/app/projects/[projectId]/edit/[workflowId]/page.js [Client Component SSR]
    ./src/app/projects/[projectId]/edit/[workflowId]/page.js [Server Component]

https://nextjs.org/docs/messages/module-not-found


./src/features/prompt-bar/ui/edit/EditPromptBarVideo.jsx:8:1
Module not found: Can't resolve '../tabs/UpscalePanel'
  [90m 6 |[0m [36mimport[0m { useEditPromptBar } [36mfrom[0m [32m"../../model/useEditPromptBar"[0m;
  [90m 7 |[0m [36mimport[0m { [33mEditDescribeTab[0m } [36mfrom[0m [32m"./EditDescribeTab"[0m;
[31m[1m>[0m [90m 8 |[0m [36mimport[0m [33mUpscalePanel[0m [36mfrom[0m [32m"../tabs/UpscalePanel"[0m;
  [90m   |[0m [31m[1m^^^^^^^^^^^^^^^^^^^^^^^^^^^^^^^^^^^^^^^^^^^^^^^^[0m
  [90m 9 |[0m [36mimport[0m { [33mCameraView[0m } [36mfrom[0m [32m"../tabs/CameraView"[0m;
  [90m10 |[0m [36mimport[0m { [33mExtendView[0m } [36mfrom[0m [32m"../tabs/ExtendView"[0m;
  [90m11 |[0m



Import traces:
  Client Component Browser:
    ./src/features/prompt-bar/ui/edit/EditPromptBarVideo.jsx [Client Component Browser]
    ./src/app/projects/[projectId]/edit/[workflowId]/page.js [Client Component Browser]
    ./src/app/projects/[projectId]/edit/[workflowId]/page.js [Server Component]

  Client Component SSR:
    ./src/features/prompt-bar/ui/edit/EditPromptBarVideo.jsx [Client Component SSR]
    ./src/app/projects/[projectId]/edit/[workflowId]/page.js [Client Component SSR]
    ./src/app/projects/[projectId]/edit/[workflowId]/page.js [Server Component]

https://nextjs.org/docs/messages/module-not-found


./src/features/prompt-bar/index.js:2:1
Module not found: Can't resolve './ui/PromptBar'
  [90m1 |[0m [90m// [FSD Layer: features/prompt-bar] ÔÇö Public API[0m
[31m[1m>[0m [90m2 |[0m [36mexport[0m { [36mdefault[0m } [36mfrom[0m [32m"./ui/PromptBar"[0m
  [90m  |[0m [31m[1m^^^^^^^^^^^^^^^^^^^^^^^^^^^^^^^^^^^^^^^^[0m
  [90m3 |[0m [36mexport[0m * [36mfrom[0m [32m"./model/usePromptBar"[0m
  [90m4 |[0m
  [90m5 |[0m [90m// Re-exports for components used elsewhere[0m



Import traces:
  Client Component Browser:
    ./src/features/prompt-bar/index.js [Client Component Browser]
    ./src/widgets/StudioLayout/GenerationsStudio/GenerationsStudio.jsx [Client Component Browser]
    ./src/app/projects/[projectId]/page.js [Client Component Browser]
    ./src/app/projects/[projectId]/page.js [Server Component]

  Client Component SSR:
    ./src/features/prompt-bar/index.js [Client Component SSR]
    ./src/widgets/StudioLayout/GenerationsStudio/GenerationsStudio.jsx [Client Component SSR]
    ./src/app/projects/[projectId]/page.js [Client Component SSR]
    ./src/app/projects/[projectId]/page.js [Server Component]

https://nextjs.org/docs/messages/module-not-found


./src/features/prompt-bar/index.js:6:1
Module not found: Can't resolve './ui/selectors'
  [90m4 |[0m
  [90m5 |[0m [90m// Re-exports for components used elsewhere[0m
[31m[1m>[0m [90m6 |[0m [36mexport[0m * [36mfrom[0m [32m"./ui/selectors"[0m
  [90m  |[0m [31m[1m^^^^^^^^^^^^^^^^^^^^^^^^^^^^^^[0m
  [90m7 |[0m



Import traces:
  Client Component Browser:
    ./src/features/prompt-bar/index.js [Client Component Browser]
    ./src/widgets/StudioLayout/GenerationsStudio/GenerationsStudio.jsx [Client Component Browser]
    ./src/app/projects/[projectId]/page.js [Client Component Browser]
    ./src/app/projects/[projectId]/page.js [Server Component]

  Client Component SSR:
    ./src/features/prompt-bar/index.js [Client Component SSR]
    ./src/widgets/StudioLayout/GenerationsStudio/GenerationsStudio.jsx [Client Component SSR]
    ./src/app/projects/[projectId]/page.js [Client Component SSR]
    ./src/app/projects/[projectId]/page.js [Server Component]

https://nextjs.org/docs/messages/module-not-found


    at <unknown> (./src/features/prompt-bar/ui/edit/EditPromptBarBase.jsx:5:1)
    at <unknown> (https://nextjs.org/docs/messages/module-not-found)
    at <unknown> (./src/features/prompt-bar/ui/edit/EditDescribeTab.jsx:6:1)
    at <unknown> (https://nextjs.org/docs/messages/module-not-found)
    at <unknown> (./src/features/prompt-bar/ui/edit/EditDescribeTab.jsx:7:1)
    at <unknown> (https://nextjs.org/docs/messages/module-not-found)
    at <unknown> (./src/features/prompt-bar/ui/edit/EditPromptBarImage.jsx:9:1)
    at <unknown> (https://nextjs.org/docs/messages/module-not-found)
    at <unknown> (./src/features/prompt-bar/ui/edit/EditPromptBarVideo.jsx:9:1)
    at <unknown> (https://nextjs.org/docs/messages/module-not-found)
    at <unknown> (./src/features/prompt-bar/ui/edit/EditPromptBarVideo.jsx:10:1)
    at <unknown> (https://nextjs.org/docs/messages/module-not-found)
    at <unknown> (./src/features/prompt-bar/ui/edit/EditPromptBarImage.jsx:10:1)
    at <unknown> (https://nextjs.org/docs/messages/module-not-found)
    at <unknown> (./src/features/prompt-bar/ui/edit/EditPromptBarImage.jsx:11:1)
    at <unknown> (https://nextjs.org/docs/messages/module-not-found)
    at <unknown> (./src/features/prompt-bar/ui/edit/EditPromptBarVideo.jsx:8:1)
    at <unknown> (https://nextjs.org/docs/messages/module-not-found)
    at <unknown> (./src/features/prompt-bar/index.js:2:1)
    at <unknown> (https://nextjs.org/docs/messages/module-not-found)
    at <unknown> (./src/features/prompt-bar/index.js:6:1)
    at <unknown> (https://nextjs.org/docs/messages/module-not-found)
